// Jest Snapshot v1, https://goo.gl/fbAQLP

exports[`Page it should render 1`] = `
<div
  className="page container"
>
  <div />
</div>
`;
