// Jest Snapshot v1, https://goo.gl/fbAQLP

exports[`HomePage it should render 1`] = `
<div
  className="page"
>
  <h1>
    Welcome Home!
  </h1>
  <a
    href="/hello"
    onClick={[Function]}
  >
    Say Hello
  </a>
  <br />
  <br />
</div>
`;
