// Jest Snapshot v1, https://goo.gl/fbAQLP

exports[`NotFound it should render 1`] = `
<div
  className="page container"
>
  <h1>
    404 Not Found!
  </h1>
  <p>
    The page you are looking for was not found.
  </p>
</div>
`;
